2025-12-10 11:06:59,860 [INFO] Activator:176 - 


2025-12-10 11:06:59,871 [INFO] Activator:177 - !SESSION log4j initialized
2025-12-10 11:07:11,431 [INFO] LogOutputStream:77 - [STDOUT_REDIRECT] 
2025-12-10 11:07:13,340 [INFO] ApplicationProperties:184 - Using Application install path: C:\ST\STM32CubeIDE_1.19.0\STM32CubeIDE\plugins\com.st.stm32cube.common.mx_6.15.0.202507011659
2025-12-10 11:07:13,383 [INFO] DbMcusXml:78 - Set database path to: C:\ST\STM32CubeIDE_1.19.0\STM32CubeIDE\plugins\com.st.stm32cube.common.mx_6.15.0.202507011659\\db\/mcu/
2025-12-10 11:07:13,384 [INFO] ApiDb:274 - Set plugin database path to: C:\ST\STM32CubeIDE_1.19.0\STM32CubeIDE\plugins\com.st.stm32cube.common.mx_6.15.0.202507011659\\db\/plugins/boardmanager/
2025-12-10 11:07:13,385 [WARN] ApiDb:259 - Overriding images path with different value:  => C:\ST\STM32CubeIDE_1.19.0\STM32CubeIDE\plugins\com.st.stm32cube.common.mx_6.15.0.202507011659\\db\/plugins/mcufinder/images/
2025-12-10 11:07:13,408 [INFO] ApiDb:250 - Set database path to: C:\Users\niels\.stmcufinder\plugins\mcufinder//mcu/
2025-12-10 11:07:13,411 [INFO] DbMcusAds:125 - Set database path to: C:\Users\niels\.stmcufinder\plugins\mcufinder//mcu/
2025-12-10 11:07:13,418 [INFO] CrossReferenceDbSqlite:203 - Set database path to: C:\Users\niels\.stmcufinder\plugins\mcufinder//mcu/cs/
2025-12-10 11:07:13,659 [INFO] RulesReader:64 - Compatibility file has been processed (317 Rules)
2025-12-10 11:07:13,859 [INFO] DbMcusXml:78 - Set database path to: C:\ST\STM32CubeIDE_1.19.0\STM32CubeIDE\plugins\com.st.stm32cube.common.mx_6.15.0.202507011659\\db\/mcu/
2025-12-10 11:07:13,859 [INFO] ApiDb:274 - Set plugin database path to: C:\ST\STM32CubeIDE_1.19.0\STM32CubeIDE\plugins\com.st.stm32cube.common.mx_6.15.0.202507011659\\db\/plugins/boardmanager/
2025-12-10 11:07:13,859 [INFO] ApiDb:261 - Set plugin images path to: C:\ST\STM32CubeIDE_1.19.0\STM32CubeIDE\plugins\com.st.stm32cube.common.mx_6.15.0.202507011659\\db\/plugins/mcufinder/images/
2025-12-10 11:07:13,860 [WARN] DbFile:41 - Overriding database path with different value: C:\Users\niels\.stmcufinder\plugins\mcufinder/ => C:\Users\niels\.stmcufinder\plugins\mcufinder
2025-12-10 11:07:13,860 [INFO] ApiDb:250 - Set database path to: C:\Users\niels\.stmcufinder\plugins\mcufinder//mcu/
2025-12-10 11:07:13,861 [WARN] DbFile:41 - Overriding database path with different value: C:\Users\niels\.stmcufinder\plugins\mcufinder/ => C:\Users\niels\.stmcufinder\plugins\mcufinder
2025-12-10 11:07:13,861 [INFO] DbMcusAds:125 - Set database path to: C:\Users\niels\.stmcufinder\plugins\mcufinder//mcu/
2025-12-10 11:07:13,861 [WARN] DbFile:41 - Overriding database path with different value: C:\Users\niels\.stmcufinder\plugins\mcufinder/ => C:\Users\niels\.stmcufinder\plugins\mcufinder
2025-12-10 11:07:13,861 [WARN] DbFile:41 - Overriding database path with different value: C:\Users\niels\.stmcufinder\plugins\mcufinder/ => C:\Users\niels\.stmcufinder\plugins\mcufinder
2025-12-10 11:07:13,861 [INFO] CrossReferenceDbSqlite:203 - Set database path to: C:\Users\niels\.stmcufinder\plugins\mcufinder//mcu/cs/
2025-12-10 11:07:14,023 [INFO] MainPanel:274 - HeapMemory: 268435456
2025-12-10 11:07:14,324 [INFO] DbMcusXml:78 - Set database path to: C:\ST\STM32CubeIDE_1.19.0\STM32CubeIDE\plugins\com.st.stm32cube.common.mx_6.15.0.202507011659\\db\/mcu/
2025-12-10 11:07:14,324 [INFO] ApiDb:274 - Set plugin database path to: C:\ST\STM32CubeIDE_1.19.0\STM32CubeIDE\plugins\com.st.stm32cube.common.mx_6.15.0.202507011659\\db\/plugins/boardmanager/
2025-12-10 11:07:14,324 [INFO] ApiDb:261 - Set plugin images path to: C:\ST\STM32CubeIDE_1.19.0\STM32CubeIDE\plugins\com.st.stm32cube.common.mx_6.15.0.202507011659\\db\/plugins/mcufinder/images/
2025-12-10 11:07:14,325 [WARN] DbFile:41 - Overriding database path with different value: C:\Users\niels\.stmcufinder\plugins\mcufinder/ => C:\Users\niels\.stmcufinder\plugins\mcufinder
2025-12-10 11:07:14,326 [INFO] ApiDb:250 - Set database path to: C:\Users\niels\.stmcufinder\plugins\mcufinder//mcu/
2025-12-10 11:07:14,326 [WARN] DbFile:41 - Overriding database path with different value: C:\Users\niels\.stmcufinder\plugins\mcufinder/ => C:\Users\niels\.stmcufinder\plugins\mcufinder
2025-12-10 11:07:14,326 [INFO] DbMcusAds:125 - Set database path to: C:\Users\niels\.stmcufinder\plugins\mcufinder//mcu/
2025-12-10 11:07:14,326 [WARN] DbFile:41 - Overriding database path with different value: C:\Users\niels\.stmcufinder\plugins\mcufinder/ => C:\Users\niels\.stmcufinder\plugins\mcufinder
2025-12-10 11:07:14,327 [WARN] DbFile:41 - Overriding database path with different value: C:\Users\niels\.stmcufinder\plugins\mcufinder/ => C:\Users\niels\.stmcufinder\plugins\mcufinder
2025-12-10 11:07:14,327 [INFO] CrossReferenceDbSqlite:203 - Set database path to: C:\Users\niels\.stmcufinder\plugins\mcufinder//mcu/cs/
2025-12-10 11:07:14,366 [INFO] ApplicationProperties:184 - Using Application install path: C:\ST\STM32CubeIDE_1.19.0\STM32CubeIDE\plugins\com.st.stm32cube.common.mx_6.15.0.202507011659
2025-12-10 11:07:14,369 [INFO] PluginManage:196 - Search for loadable plugins [exclusion list=, ]
2025-12-10 11:07:14,372 [INFO] PluginManage:310 - Check plugin analytics
2025-12-10 11:07:14,837 [INFO] AnalyticsPlugin:253 - Accepted Software Licenses: 
2025-12-10 11:07:14,837 [INFO] AnalyticsPlugin:255 - Accepted CMSIS Pack Licenses: 
2025-12-10 11:07:14,837 [INFO] AnalyticsPlugin:257 - Accepted Firmware Licenses: FW.H7.1.12.0,FW.G4.1.6.0
2025-12-10 11:07:14,843 [INFO] PluginManage:359 - Loaded plugin analytics (category:tool,tabindex:-1)
2025-12-10 11:07:14,844 [INFO] PluginManage:310 - Check plugin cadmodel
2025-12-10 11:07:14,854 [INFO] CADModel:105 - Init CAD model plugin
2025-12-10 11:07:14,854 [INFO] PluginManage:359 - Loaded plugin cadmodel (category:power,tabindex:5)
2025-12-10 11:07:14,854 [INFO] PluginManage:310 - Check plugin clock
2025-12-10 11:07:14,871 [INFO] PluginManage:359 - Loaded plugin clock (category:base,tabindex:2)
2025-12-10 11:07:14,871 [INFO] PluginManage:310 - Check plugin ddr
2025-12-10 11:07:14,875 [INFO] PluginManage:359 - Loaded plugin ddr (category:tool,tabindex:6)
2025-12-10 11:07:14,876 [INFO] PluginManage:310 - Check plugin filemanager
2025-12-10 11:07:15,211 [INFO] PluginManage:359 - Loaded plugin filemanager (category:base,tabindex:10)
2025-12-10 11:07:15,211 [INFO] PluginManage:310 - Check plugin ipmanager
2025-12-10 11:07:15,223 [INFO] PluginManage:359 - Loaded plugin ipmanager (category:base,tabindex:5)
2025-12-10 11:07:15,224 [INFO] PluginManage:310 - Check plugin lpbam
2025-12-10 11:07:15,240 [INFO] PluginManage:359 - Loaded plugin lpbam (category:base,tabindex:0)
2025-12-10 11:07:15,241 [INFO] PluginManage:310 - Check plugin memorymap
2025-12-10 11:07:15,270 [INFO] PluginManage:359 - Loaded plugin memorymap (category:base,tabindex:4)
2025-12-10 11:07:15,270 [INFO] PluginManage:310 - Check plugin pinoutandconfiguration
2025-12-10 11:07:15,288 [INFO] PluginManage:359 - Loaded plugin pinoutandconfiguration (category:base,tabindex:1)
2025-12-10 11:07:15,289 [INFO] PluginManage:310 - Check plugin pinoutconfig
2025-12-10 11:07:15,499 [WARN] SupportedApi:132 - Cannot load RTOS API schema: s4s-elt-must-match.1: The content of 'definitions' must match (annotation?, (simpleType | complexType)?, (unique | key | keyref)*)). A problem was found starting at: attribute.
2025-12-10 11:07:15,833 [INFO] PluginManage:359 - Loaded plugin pinoutconfig (category:base,tabindex:0)
2025-12-10 11:07:15,834 [INFO] PluginManage:310 - Check plugin power
2025-12-10 11:07:15,855 [INFO] PluginManage:359 - Loaded plugin power (category:power,tabindex:4)
2025-12-10 11:07:15,855 [INFO] PluginManage:310 - Check plugin projectmanager
2025-12-10 11:07:15,886 [INFO] PluginManage:359 - Loaded plugin projectmanager (category:projectmanager,tabindex:4)
2025-12-10 11:07:15,886 [INFO] PluginManage:310 - Check plugin rif
2025-12-10 11:07:15,909 [INFO] PluginManage:359 - Loaded plugin rif (category:base,tabindex:3)
2025-12-10 11:07:15,909 [INFO] PluginManage:310 - Check plugin thirdparty
2025-12-10 11:07:16,297 [WARN] IntegrityCheckThread:84 - waiting for thirdparty lock release [integrity check]
2025-12-10 11:07:16,299 [INFO] IntegrityCheckThread:86 - entering critical section [integrity check]
2025-12-10 11:07:16,300 [INFO] ThirdPartyUpdaterWithRetryManager:70 - Updater plugin not ready yet. [1/15]
2025-12-10 11:07:16,303 [INFO] PluginManage:359 - Loaded plugin thirdparty (category:base,tabindex:-1)
2025-12-10 11:07:16,303 [INFO] PluginManage:310 - Check plugin tools
2025-12-10 11:07:16,325 [INFO] PluginManage:359 - Loaded plugin tools (category:base,tabindex:7)
2025-12-10 11:07:16,325 [INFO] PluginManage:310 - Check plugin tutovideos
2025-12-10 11:07:16,942 [INFO] PluginManage:359 - Loaded plugin tutovideos (category:base,tabindex:-1)
2025-12-10 11:07:16,943 [INFO] PluginManage:310 - Check plugin updater
2025-12-10 11:07:16,991 [INFO] PluginManage:359 - Loaded plugin updater (category:base,tabindex:12)
2025-12-10 11:07:16,991 [INFO] PluginManage:310 - Check plugin userauth
2025-12-10 11:07:17,001 [INFO] UserAuth:118 - Init User Auth plugin
2025-12-10 11:07:17,003 [INFO] PluginManage:359 - Loaded plugin userauth (category:base,tabindex:14)
2025-12-10 11:07:17,004 [INFO] PluginManage:283 - PluginManage : Loaded plugins [18]
2025-12-10 11:07:17,515 [INFO] PinOutPanel:1589 - setPackage(No Configuration,No Configuration)
2025-12-10 11:07:17,763 [INFO] CADModel:165 - CPN selected for project level
2025-12-10 11:07:17,764 [INFO] CADModel:114 - Register for checkConnection events
2025-12-10 11:07:17,809 [INFO] IPUIPlugin:80 - create IPUIPlugin
2025-12-10 11:07:17,810 [INFO] PluginManager:220 - loadIPPluginJar : add adc
2025-12-10 11:07:17,814 [INFO] IPUIPlugin:80 - create IPUIPlugin
2025-12-10 11:07:17,814 [INFO] PluginManager:220 - loadIPPluginJar : add aes
2025-12-10 11:07:17,820 [INFO] IPUIPlugin:80 - create IPUIPlugin
2025-12-10 11:07:17,820 [INFO] PluginManager:220 - loadIPPluginJar : add can
2025-12-10 11:07:17,824 [INFO] IPUIPlugin:80 - create IPUIPlugin
2025-12-10 11:07:17,824 [INFO] PluginManager:220 - loadIPPluginJar : add comp
2025-12-10 11:07:17,828 [INFO] IPUIPlugin:80 - create IPUIPlugin
2025-12-10 11:07:17,828 [INFO] PluginManager:220 - loadIPPluginJar : add cryp
2025-12-10 11:07:17,836 [INFO] IPUIPlugin:80 - create IPUIPlugin
2025-12-10 11:07:17,837 [INFO] PluginManager:220 - loadIPPluginJar : add ddr_ctrl_phy
2025-12-10 11:07:17,843 [INFO] IPUIPlugin:80 - create IPUIPlugin
2025-12-10 11:07:17,843 [INFO] PluginManager:220 - loadIPPluginJar : add dfsdm
2025-12-10 11:07:17,855 [INFO] IPUIPlugin:80 - create IPUIPlugin
2025-12-10 11:07:17,856 [INFO] PluginManager:220 - loadIPPluginJar : add dma
2025-12-10 11:07:17,863 [INFO] IPUIPlugin:80 - create IPUIPlugin
2025-12-10 11:07:17,863 [INFO] PluginManager:220 - loadIPPluginJar : add dma3
2025-12-10 11:07:17,869 [INFO] IPUIPlugin:80 - create IPUIPlugin
2025-12-10 11:07:17,870 [INFO] PluginManager:220 - loadIPPluginJar : add extmemmanager
2025-12-10 11:07:17,875 [INFO] IPUIPlugin:80 - create IPUIPlugin
2025-12-10 11:07:17,876 [INFO] PluginManager:220 - loadIPPluginJar : add fatfs
2025-12-10 11:07:17,885 [INFO] IPUIPlugin:80 - create IPUIPlugin
2025-12-10 11:07:17,885 [INFO] PluginManager:220 - loadIPPluginJar : add fmc
2025-12-10 11:07:17,903 [INFO] IPUIPlugin:80 - create IPUIPlugin
2025-12-10 11:07:17,904 [INFO] PluginManager:220 - loadIPPluginJar : add freertos
2025-12-10 11:07:17,908 [INFO] IPUIPlugin:80 - create IPUIPlugin
2025-12-10 11:07:17,908 [INFO] PluginManager:220 - loadIPPluginJar : add genericplugin
2025-12-10 11:07:17,914 [INFO] IPUIPlugin:80 - create IPUIPlugin
2025-12-10 11:07:17,914 [INFO] PluginManager:220 - loadIPPluginJar : add gfxmmu
2025-12-10 11:07:17,922 [INFO] IPUIPlugin:80 - create IPUIPlugin
2025-12-10 11:07:17,922 [INFO] PluginManager:220 - loadIPPluginJar : add gic
2025-12-10 11:07:17,929 [INFO] IPUIPlugin:80 - create IPUIPlugin
2025-12-10 11:07:17,929 [INFO] PluginManager:220 - loadIPPluginJar : add gpio
2025-12-10 11:07:17,934 [INFO] IPUIPlugin:80 - create IPUIPlugin
2025-12-10 11:07:17,934 [INFO] PluginManager:220 - loadIPPluginJar : add gtzc
2025-12-10 11:07:17,938 [INFO] IPUIPlugin:80 - create IPUIPlugin
2025-12-10 11:07:17,938 [INFO] PluginManager:220 - loadIPPluginJar : add hash
2025-12-10 11:07:17,943 [INFO] IPUIPlugin:80 - create IPUIPlugin
2025-12-10 11:07:17,944 [INFO] PluginManager:220 - loadIPPluginJar : add i2c
2025-12-10 11:07:17,948 [INFO] IPUIPlugin:80 - create IPUIPlugin
2025-12-10 11:07:17,949 [INFO] PluginManager:220 - loadIPPluginJar : add i2s
2025-12-10 11:07:17,953 [INFO] IPUIPlugin:80 - create IPUIPlugin
2025-12-10 11:07:17,953 [INFO] PluginManager:220 - loadIPPluginJar : add i3c
2025-12-10 11:07:17,959 [INFO] IPUIPlugin:80 - create IPUIPlugin
2025-12-10 11:07:17,960 [INFO] PluginManager:220 - loadIPPluginJar : add ipddr
2025-12-10 11:07:17,972 [INFO] IPUIPlugin:80 - create IPUIPlugin
2025-12-10 11:07:17,973 [INFO] PluginManager:220 - loadIPPluginJar : add linkedlist
2025-12-10 11:07:17,979 [INFO] IPUIPlugin:80 - create IPUIPlugin
2025-12-10 11:07:17,979 [INFO] PluginManager:220 - loadIPPluginJar : add lorawan
2025-12-10 11:07:17,982 [INFO] IPUIPlugin:80 - create IPUIPlugin
2025-12-10 11:07:17,983 [INFO] PluginManager:220 - loadIPPluginJar : add ltdc
2025-12-10 11:07:17,994 [INFO] IPUIPlugin:80 - create IPUIPlugin
2025-12-10 11:07:17,994 [INFO] PluginManager:220 - loadIPPluginJar : add mdma
2025-12-10 11:07:18,001 [INFO] IPUIPlugin:80 - create IPUIPlugin
2025-12-10 11:07:18,001 [INFO] PluginManager:220 - loadIPPluginJar : add nvic
2025-12-10 11:07:18,008 [INFO] IPUIPlugin:80 - create IPUIPlugin
2025-12-10 11:07:18,008 [INFO] PluginManager:220 - loadIPPluginJar : add opamp
2025-12-10 11:07:18,012 [INFO] IPUIPlugin:80 - create IPUIPlugin
2025-12-10 11:07:18,013 [INFO] PluginManager:220 - loadIPPluginJar : add openamp
2025-12-10 11:07:18,019 [INFO] IPUIPlugin:80 - create IPUIPlugin
2025-12-10 11:07:18,019 [INFO] PluginManager:220 - loadIPPluginJar : add pdm2pcm
2025-12-10 11:07:18,029 [INFO] IPUIPlugin:80 - create IPUIPlugin
2025-12-10 11:07:18,033 [INFO] PluginManager:220 - loadIPPluginJar : add plateformsettings
2025-12-10 11:07:18,036 [INFO] IPUIPlugin:80 - create IPUIPlugin
2025-12-10 11:07:18,036 [INFO] PluginManager:220 - loadIPPluginJar : add quadspi
2025-12-10 11:07:18,039 [INFO] IPUIPlugin:80 - create IPUIPlugin
2025-12-10 11:07:18,041 [INFO] PluginManager:220 - loadIPPluginJar : add radio
2025-12-10 11:07:18,047 [INFO] IPUIPlugin:80 - create IPUIPlugin
2025-12-10 11:07:18,048 [INFO] PluginManager:220 - loadIPPluginJar : add resmgrutility
2025-12-10 11:07:18,054 [INFO] IPUIPlugin:80 - create IPUIPlugin
2025-12-10 11:07:18,054 [INFO] PluginManager:220 - loadIPPluginJar : add sai
2025-12-10 11:07:18,061 [INFO] IPUIPlugin:80 - create IPUIPlugin
2025-12-10 11:07:18,061 [INFO] PluginManager:220 - loadIPPluginJar : add spi
2025-12-10 11:07:18,070 [INFO] IPUIPlugin:80 - create IPUIPlugin
2025-12-10 11:07:18,070 [INFO] PluginManager:220 - loadIPPluginJar : add stm32_wpan
2025-12-10 11:07:18,074 [INFO] IPUIPlugin:80 - create IPUIPlugin
2025-12-10 11:07:18,074 [INFO] PluginManager:220 - loadIPPluginJar : add tim
2025-12-10 11:07:18,080 [INFO] IPUIPlugin:80 - create IPUIPlugin
2025-12-10 11:07:18,080 [INFO] PluginManager:220 - loadIPPluginJar : add touchsensing
2025-12-10 11:07:18,086 [INFO] IPUIPlugin:80 - create IPUIPlugin
2025-12-10 11:07:18,086 [INFO] PluginManager:220 - loadIPPluginJar : add tracer_emb
2025-12-10 11:07:18,090 [INFO] IPUIPlugin:80 - create IPUIPlugin
2025-12-10 11:07:18,090 [INFO] PluginManager:220 - loadIPPluginJar : add ts
2025-12-10 11:07:18,092 [INFO] IPUIPlugin:80 - create IPUIPlugin
2025-12-10 11:07:18,093 [INFO] PluginManager:220 - loadIPPluginJar : add tsc
2025-12-10 11:07:18,096 [INFO] IPUIPlugin:80 - create IPUIPlugin
2025-12-10 11:07:18,096 [INFO] PluginManager:220 - loadIPPluginJar : add ucpd
2025-12-10 11:07:18,100 [INFO] IPUIPlugin:80 - create IPUIPlugin
2025-12-10 11:07:18,101 [INFO] PluginManager:220 - loadIPPluginJar : add usart
2025-12-10 11:07:18,106 [INFO] IPUIPlugin:80 - create IPUIPlugin
2025-12-10 11:07:18,106 [INFO] PluginManager:220 - loadIPPluginJar : add usbx
2025-12-10 11:07:18,271 [FATAL] Updater:351 - Updater called before beeing initialized
2025-12-10 11:07:18,342 [INFO] RulesReader:64 - Compatibility file has been processed (317 Rules)
2025-12-10 11:07:18,371 [INFO] RulesReader:64 - Compatibility file has been processed (317 Rules)
2025-12-10 11:07:18,436 [INFO] CADModel:165 - CPN selected for project level
2025-12-10 11:07:18,436 [INFO] CADModel:114 - Register for checkConnection events
2025-12-10 11:07:18,436 [FATAL] Updater:351 - Updater called before beeing initialized
2025-12-10 11:07:18,437 [ERROR] CADModel:125 - Updater not yet initialized, retry later 
2025-12-10 11:07:18,758 [FATAL] Updater:351 - Updater called before beeing initialized
2025-12-10 11:07:18,761 [INFO] CADModel:165 - CPN selected for project level
2025-12-10 11:07:18,761 [INFO] CADModel:114 - Register for checkConnection events
2025-12-10 11:07:18,761 [FATAL] Updater:351 - Updater called before beeing initialized
2025-12-10 11:07:18,761 [ERROR] CADModel:125 - Updater not yet initialized, retry later 
2025-12-10 11:07:18,766 [FATAL] Updater:351 - Updater called before beeing initialized
2025-12-10 11:07:18,963 [FATAL] Updater:351 - Updater called before beeing initialized
2025-12-10 11:07:18,970 [INFO] DbMcusAds:53 - JSON generation date=Mon Dec 08 15:28:09 CET 2025 (1765204089911)
2025-12-10 11:07:18,970 [FATAL] Updater:351 - Updater called before beeing initialized
2025-12-10 11:07:19,065 [WARN] DetailPanel:346 - Failed to get advertising image, set to default
2025-12-10 11:07:19,205 [FATAL] Updater:351 - Updater called before beeing initialized
2025-12-10 11:07:19,209 [FATAL] Updater:351 - Updater called before beeing initialized
2025-12-10 11:07:19,209 [FATAL] Updater:351 - Updater called before beeing initialized
2025-12-10 11:07:19,210 [WARN] DetailPanel:346 - Failed to get advertising image, set to default
2025-12-10 11:07:19,212 [FATAL] Updater:351 - Updater called before beeing initialized
2025-12-10 11:07:19,301 [INFO] ThirdPartyUpdaterWithRetryManager:70 - Updater plugin not ready yet. [2/15]
2025-12-10 11:07:19,311 [ERROR] Updater:1198 - MainUpdater not yet initialized. External WinMGr cannot be set.
2025-12-10 11:07:19,316 [INFO] Updater:1134 - Updater Version found : 6.15.0
2025-12-10 11:07:19,351 [INFO] ApplicationProperties:184 - Using Application install path: C:\ST\STM32CubeIDE_1.19.0\STM32CubeIDE\plugins\com.st.stm32cube.common.mx_6.15.0.202507011659
2025-12-10 11:07:20,952 [ERROR] LogOutputStream:75 - [STDERR_REDIRECT] Dec 10, 2025 11:07:20 AM java.util.prefs.WindowsPreferences <init>
2025-12-10 11:07:20,956 [ERROR] LogOutputStream:75 - [STDERR_REDIRECT] WARNING: Could not open/create prefs root node Software\JavaSoft\Prefs at root 0xffffffff80000002. Windows RegCreateKeyEx(...) returned error code 5.
2025-12-10 11:07:20,957 [ERROR] LogOutputStream:75 - [STDERR_REDIRECT] 
2025-12-10 11:07:22,302 [FATAL] Updater:351 - Updater called before beeing initialized
2025-12-10 11:07:22,303 [ERROR] IntegrityCheckThread:130 - Cannot retrieve database content from updater: error 21
2025-12-10 11:07:22,304 [INFO] ThirdParty:978 - Integrity check success = false
2025-12-10 11:07:22,304 [INFO] IntegrityCheckThread:100 - exiting critical section [integrity check]
2025-12-10 11:07:22,305 [INFO] IntegrityCheckThread:103 - End integrity checks thread
2025-12-10 11:07:22,674 [INFO] MainUpdater:2872 - connection check result : 10
2025-12-10 11:07:22,676 [INFO] MainUpdater:289 - Updater Check For Update Now.
2025-12-10 11:07:22,677 [INFO] MicroXplorer:498 - Change Database Version : DB.6.0.150
2025-12-10 11:07:22,699 [INFO] McuFinderGlobals:63 - Set McuFinder mode to 2 (CubeIDE integrated)
2025-12-10 11:07:22,702 [INFO] UserAuth:487 - Internet connection configuration mode: 1
2025-12-10 11:07:22,927 [INFO] JxBrowserEngine:152 - Initiate JxBrowser Engine with user profile folder
2025-12-10 11:07:23,118 [INFO] CheckServerUpdateThread:120 - End of CheckServer Thread
2025-12-10 11:07:25,243 [INFO] WebApp:169 - Instantiating new browser for Auth
2025-12-10 11:07:26,691 [INFO] WebApp:463 - Apply proxy settings
2025-12-10 11:07:26,691 [INFO] WebApp:548 - Chromium requires no authentication
2025-12-10 11:07:26,707 [INFO] WebApp:491 - Direct internet connection detected
2025-12-10 11:07:26,753 [INFO] WebApp:900 - Register for checkConnection events
2025-12-10 11:07:26,754 [INFO] WebApp:463 - Apply proxy settings
2025-12-10 11:07:26,754 [INFO] WebApp:548 - Chromium requires no authentication
2025-12-10 11:07:26,755 [INFO] WebApp:491 - Direct internet connection detected
2025-12-10 11:07:27,118 [INFO] WebApp:191 - Connection restablished
2025-12-10 11:07:27,233 [INFO] WebApp:225 - Starting web application
2025-12-10 11:07:27,233 [INFO] WebApp:593 - Web application path used C:\ST\STM32CubeIDE_1.19.0\STM32CubeIDE\plugins\com.st.stm32cube.common.mx_6.15.0.202507011659\db\plugins\mcufinder\reactClient1\index.html
2025-12-10 11:07:27,363 [INFO] UserAuth:487 - Internet connection configuration mode: 1
2025-12-10 12:10:53,806 [ERROR] LogOutputStream:75 - [STDERR_REDIRECT] 
2025-12-10 12:11:15,483 [INFO] Activator:176 - 


2025-12-10 12:11:15,483 [INFO] Activator:177 - !SESSION log4j initialized
2025-12-10 12:11:21,333 [INFO] LogOutputStream:77 - [STDOUT_REDIRECT] 
2025-12-10 12:11:23,200 [INFO] ApplicationProperties:184 - Using Application install path: C:\ST\STM32CubeIDE_1.19.0\STM32CubeIDE\plugins\com.st.stm32cube.common.mx_6.15.0.202507011659
2025-12-10 12:11:23,289 [INFO] DbMcusXml:78 - Set database path to: C:\ST\STM32CubeIDE_1.19.0\STM32CubeIDE\plugins\com.st.stm32cube.common.mx_6.15.0.202507011659\\db\/mcu/
2025-12-10 12:11:23,289 [INFO] ApiDb:274 - Set plugin database path to: C:\ST\STM32CubeIDE_1.19.0\STM32CubeIDE\plugins\com.st.stm32cube.common.mx_6.15.0.202507011659\\db\/plugins/boardmanager/
2025-12-10 12:11:23,290 [WARN] ApiDb:259 - Overriding images path with different value:  => C:\ST\STM32CubeIDE_1.19.0\STM32CubeIDE\plugins\com.st.stm32cube.common.mx_6.15.0.202507011659\\db\/plugins/mcufinder/images/
2025-12-10 12:11:23,301 [INFO] ApiDb:250 - Set database path to: C:\Users\niels\.stmcufinder\plugins\mcufinder//mcu/
2025-12-10 12:11:23,304 [INFO] DbMcusAds:125 - Set database path to: C:\Users\niels\.stmcufinder\plugins\mcufinder//mcu/
2025-12-10 12:11:23,312 [INFO] CrossReferenceDbSqlite:203 - Set database path to: C:\Users\niels\.stmcufinder\plugins\mcufinder//mcu/cs/
2025-12-10 12:11:23,691 [INFO] RulesReader:64 - Compatibility file has been processed (317 Rules)
2025-12-10 12:11:23,893 [INFO] DbMcusXml:78 - Set database path to: C:\ST\STM32CubeIDE_1.19.0\STM32CubeIDE\plugins\com.st.stm32cube.common.mx_6.15.0.202507011659\\db\/mcu/
2025-12-10 12:11:23,893 [INFO] ApiDb:274 - Set plugin database path to: C:\ST\STM32CubeIDE_1.19.0\STM32CubeIDE\plugins\com.st.stm32cube.common.mx_6.15.0.202507011659\\db\/plugins/boardmanager/
2025-12-10 12:11:23,894 [INFO] ApiDb:261 - Set plugin images path to: C:\ST\STM32CubeIDE_1.19.0\STM32CubeIDE\plugins\com.st.stm32cube.common.mx_6.15.0.202507011659\\db\/plugins/mcufinder/images/
2025-12-10 12:11:23,894 [WARN] DbFile:41 - Overriding database path with different value: C:\Users\niels\.stmcufinder\plugins\mcufinder/ => C:\Users\niels\.stmcufinder\plugins\mcufinder
2025-12-10 12:11:23,894 [INFO] ApiDb:250 - Set database path to: C:\Users\niels\.stmcufinder\plugins\mcufinder//mcu/
2025-12-10 12:11:23,894 [WARN] DbFile:41 - Overriding database path with different value: C:\Users\niels\.stmcufinder\plugins\mcufinder/ => C:\Users\niels\.stmcufinder\plugins\mcufinder
2025-12-10 12:11:23,894 [INFO] DbMcusAds:125 - Set database path to: C:\Users\niels\.stmcufinder\plugins\mcufinder//mcu/
2025-12-10 12:11:23,894 [WARN] DbFile:41 - Overriding database path with different value: C:\Users\niels\.stmcufinder\plugins\mcufinder/ => C:\Users\niels\.stmcufinder\plugins\mcufinder
2025-12-10 12:11:23,894 [WARN] DbFile:41 - Overriding database path with different value: C:\Users\niels\.stmcufinder\plugins\mcufinder/ => C:\Users\niels\.stmcufinder\plugins\mcufinder
2025-12-10 12:11:23,894 [INFO] CrossReferenceDbSqlite:203 - Set database path to: C:\Users\niels\.stmcufinder\plugins\mcufinder//mcu/cs/
2025-12-10 12:11:24,068 [INFO] MainPanel:274 - HeapMemory: 268435456
2025-12-10 12:11:24,359 [INFO] DbMcusXml:78 - Set database path to: C:\ST\STM32CubeIDE_1.19.0\STM32CubeIDE\plugins\com.st.stm32cube.common.mx_6.15.0.202507011659\\db\/mcu/
2025-12-10 12:11:24,359 [INFO] ApiDb:274 - Set plugin database path to: C:\ST\STM32CubeIDE_1.19.0\STM32CubeIDE\plugins\com.st.stm32cube.common.mx_6.15.0.202507011659\\db\/plugins/boardmanager/
2025-12-10 12:11:24,359 [INFO] ApiDb:261 - Set plugin images path to: C:\ST\STM32CubeIDE_1.19.0\STM32CubeIDE\plugins\com.st.stm32cube.common.mx_6.15.0.202507011659\\db\/plugins/mcufinder/images/
2025-12-10 12:11:24,362 [WARN] DbFile:41 - Overriding database path with different value: C:\Users\niels\.stmcufinder\plugins\mcufinder/ => C:\Users\niels\.stmcufinder\plugins\mcufinder
2025-12-10 12:11:24,362 [INFO] ApiDb:250 - Set database path to: C:\Users\niels\.stmcufinder\plugins\mcufinder//mcu/
2025-12-10 12:11:24,362 [WARN] DbFile:41 - Overriding database path with different value: C:\Users\niels\.stmcufinder\plugins\mcufinder/ => C:\Users\niels\.stmcufinder\plugins\mcufinder
2025-12-10 12:11:24,362 [INFO] DbMcusAds:125 - Set database path to: C:\Users\niels\.stmcufinder\plugins\mcufinder//mcu/
2025-12-10 12:11:24,362 [WARN] DbFile:41 - Overriding database path with different value: C:\Users\niels\.stmcufinder\plugins\mcufinder/ => C:\Users\niels\.stmcufinder\plugins\mcufinder
2025-12-10 12:11:24,362 [WARN] DbFile:41 - Overriding database path with different value: C:\Users\niels\.stmcufinder\plugins\mcufinder/ => C:\Users\niels\.stmcufinder\plugins\mcufinder
2025-12-10 12:11:24,363 [INFO] CrossReferenceDbSqlite:203 - Set database path to: C:\Users\niels\.stmcufinder\plugins\mcufinder//mcu/cs/
2025-12-10 12:11:24,405 [INFO] ApplicationProperties:184 - Using Application install path: C:\ST\STM32CubeIDE_1.19.0\STM32CubeIDE\plugins\com.st.stm32cube.common.mx_6.15.0.202507011659
2025-12-10 12:11:24,409 [INFO] PluginManage:196 - Search for loadable plugins [exclusion list=, ]
2025-12-10 12:11:24,413 [INFO] PluginManage:310 - Check plugin analytics
2025-12-10 12:11:25,066 [INFO] AnalyticsPlugin:253 - Accepted Software Licenses: 
2025-12-10 12:11:25,066 [INFO] AnalyticsPlugin:255 - Accepted CMSIS Pack Licenses: 
2025-12-10 12:11:25,066 [INFO] AnalyticsPlugin:257 - Accepted Firmware Licenses: FW.H7.1.12.0,FW.G4.1.6.0
2025-12-10 12:11:25,073 [INFO] PluginManage:359 - Loaded plugin analytics (category:tool,tabindex:-1)
2025-12-10 12:11:25,073 [INFO] PluginManage:310 - Check plugin cadmodel
2025-12-10 12:11:25,081 [INFO] CADModel:105 - Init CAD model plugin
2025-12-10 12:11:25,081 [INFO] PluginManage:359 - Loaded plugin cadmodel (category:power,tabindex:5)
2025-12-10 12:11:25,082 [INFO] PluginManage:310 - Check plugin clock
2025-12-10 12:11:25,101 [INFO] PluginManage:359 - Loaded plugin clock (category:base,tabindex:2)
2025-12-10 12:11:25,102 [INFO] PluginManage:310 - Check plugin ddr
2025-12-10 12:11:25,107 [INFO] PluginManage:359 - Loaded plugin ddr (category:tool,tabindex:6)
2025-12-10 12:11:25,108 [INFO] PluginManage:310 - Check plugin filemanager
2025-12-10 12:11:25,501 [INFO] PluginManage:359 - Loaded plugin filemanager (category:base,tabindex:10)
2025-12-10 12:11:25,501 [INFO] PluginManage:310 - Check plugin ipmanager
2025-12-10 12:11:25,517 [INFO] PluginManage:359 - Loaded plugin ipmanager (category:base,tabindex:5)
2025-12-10 12:11:25,517 [INFO] PluginManage:310 - Check plugin lpbam
2025-12-10 12:11:25,543 [INFO] PluginManage:359 - Loaded plugin lpbam (category:base,tabindex:0)
2025-12-10 12:11:25,543 [INFO] PluginManage:310 - Check plugin memorymap
2025-12-10 12:11:25,607 [INFO] PluginManage:359 - Loaded plugin memorymap (category:base,tabindex:4)
2025-12-10 12:11:25,608 [INFO] PluginManage:310 - Check plugin pinoutandconfiguration
2025-12-10 12:11:25,628 [INFO] PluginManage:359 - Loaded plugin pinoutandconfiguration (category:base,tabindex:1)
2025-12-10 12:11:25,628 [INFO] PluginManage:310 - Check plugin pinoutconfig
2025-12-10 12:11:25,894 [WARN] SupportedApi:132 - Cannot load RTOS API schema: s4s-elt-must-match.1: The content of 'definitions' must match (annotation?, (simpleType | complexType)?, (unique | key | keyref)*)). A problem was found starting at: attribute.
2025-12-10 12:11:26,506 [INFO] PluginManage:359 - Loaded plugin pinoutconfig (category:base,tabindex:0)
2025-12-10 12:11:26,506 [INFO] PluginManage:310 - Check plugin power
2025-12-10 12:11:26,530 [INFO] PluginManage:359 - Loaded plugin power (category:power,tabindex:4)
2025-12-10 12:11:26,531 [INFO] PluginManage:310 - Check plugin projectmanager
2025-12-10 12:11:26,571 [INFO] PluginManage:359 - Loaded plugin projectmanager (category:projectmanager,tabindex:4)
2025-12-10 12:11:26,571 [INFO] PluginManage:310 - Check plugin rif
2025-12-10 12:11:26,633 [INFO] PluginManage:359 - Loaded plugin rif (category:base,tabindex:3)
2025-12-10 12:11:26,633 [INFO] PluginManage:310 - Check plugin thirdparty
2025-12-10 12:11:26,978 [WARN] IntegrityCheckThread:84 - waiting for thirdparty lock release [integrity check]
2025-12-10 12:11:26,978 [INFO] IntegrityCheckThread:86 - entering critical section [integrity check]
2025-12-10 12:11:26,994 [INFO] ThirdPartyUpdaterWithRetryManager:70 - Updater plugin not ready yet. [1/15]
2025-12-10 12:11:26,994 [INFO] PluginManage:359 - Loaded plugin thirdparty (category:base,tabindex:-1)
2025-12-10 12:11:26,994 [INFO] PluginManage:310 - Check plugin tools
2025-12-10 12:11:26,994 [INFO] PluginManage:359 - Loaded plugin tools (category:base,tabindex:7)
2025-12-10 12:11:26,994 [INFO] PluginManage:310 - Check plugin tutovideos
2025-12-10 12:11:27,229 [INFO] PluginManage:359 - Loaded plugin tutovideos (category:base,tabindex:-1)
2025-12-10 12:11:27,229 [INFO] PluginManage:310 - Check plugin updater
2025-12-10 12:11:27,261 [INFO] PluginManage:359 - Loaded plugin updater (category:base,tabindex:12)
2025-12-10 12:11:27,261 [INFO] PluginManage:310 - Check plugin userauth
2025-12-10 12:11:27,261 [INFO] UserAuth:118 - Init User Auth plugin
2025-12-10 12:11:27,261 [INFO] PluginManage:359 - Loaded plugin userauth (category:base,tabindex:14)
2025-12-10 12:11:27,261 [INFO] PluginManage:283 - PluginManage : Loaded plugins [18]
2025-12-10 12:11:27,459 [INFO] PinOutPanel:1589 - setPackage(No Configuration,No Configuration)
2025-12-10 12:11:27,554 [INFO] CADModel:165 - CPN selected for project level
2025-12-10 12:11:27,554 [INFO] CADModel:114 - Register for checkConnection events
2025-12-10 12:11:27,569 [INFO] IPUIPlugin:80 - create IPUIPlugin
2025-12-10 12:11:27,569 [INFO] PluginManager:220 - loadIPPluginJar : add adc
2025-12-10 12:11:27,569 [INFO] IPUIPlugin:80 - create IPUIPlugin
2025-12-10 12:11:27,569 [INFO] PluginManager:220 - loadIPPluginJar : add aes
2025-12-10 12:11:27,569 [INFO] IPUIPlugin:80 - create IPUIPlugin
2025-12-10 12:11:27,569 [INFO] PluginManager:220 - loadIPPluginJar : add can
2025-12-10 12:11:27,569 [INFO] IPUIPlugin:80 - create IPUIPlugin
2025-12-10 12:11:27,569 [INFO] PluginManager:220 - loadIPPluginJar : add comp
2025-12-10 12:11:27,585 [INFO] IPUIPlugin:80 - create IPUIPlugin
2025-12-10 12:11:27,585 [INFO] PluginManager:220 - loadIPPluginJar : add cryp
2025-12-10 12:11:27,585 [INFO] IPUIPlugin:80 - create IPUIPlugin
2025-12-10 12:11:27,585 [INFO] PluginManager:220 - loadIPPluginJar : add ddr_ctrl_phy
2025-12-10 12:11:27,585 [INFO] IPUIPlugin:80 - create IPUIPlugin
2025-12-10 12:11:27,585 [INFO] PluginManager:220 - loadIPPluginJar : add dfsdm
2025-12-10 12:11:27,593 [INFO] IPUIPlugin:80 - create IPUIPlugin
2025-12-10 12:11:27,593 [INFO] PluginManager:220 - loadIPPluginJar : add dma
2025-12-10 12:11:27,593 [INFO] IPUIPlugin:80 - create IPUIPlugin
2025-12-10 12:11:27,593 [INFO] PluginManager:220 - loadIPPluginJar : add dma3
2025-12-10 12:11:27,600 [INFO] IPUIPlugin:80 - create IPUIPlugin
2025-12-10 12:11:27,600 [INFO] PluginManager:220 - loadIPPluginJar : add extmemmanager
2025-12-10 12:11:27,600 [INFO] IPUIPlugin:80 - create IPUIPlugin
2025-12-10 12:11:27,600 [INFO] PluginManager:220 - loadIPPluginJar : add fatfs
2025-12-10 12:11:27,604 [INFO] IPUIPlugin:80 - create IPUIPlugin
2025-12-10 12:11:27,604 [INFO] PluginManager:220 - loadIPPluginJar : add fmc
2025-12-10 12:11:27,604 [INFO] IPUIPlugin:80 - create IPUIPlugin
2025-12-10 12:11:27,604 [INFO] PluginManager:220 - loadIPPluginJar : add freertos
2025-12-10 12:11:27,615 [INFO] IPUIPlugin:80 - create IPUIPlugin
2025-12-10 12:11:27,615 [INFO] PluginManager:220 - loadIPPluginJar : add genericplugin
2025-12-10 12:11:27,616 [INFO] IPUIPlugin:80 - create IPUIPlugin
2025-12-10 12:11:27,616 [INFO] PluginManager:220 - loadIPPluginJar : add gfxmmu
2025-12-10 12:11:27,616 [INFO] IPUIPlugin:80 - create IPUIPlugin
2025-12-10 12:11:27,616 [INFO] PluginManager:220 - loadIPPluginJar : add gic
2025-12-10 12:11:27,616 [INFO] IPUIPlugin:80 - create IPUIPlugin
2025-12-10 12:11:27,616 [INFO] PluginManager:220 - loadIPPluginJar : add gpio
2025-12-10 12:11:27,616 [INFO] IPUIPlugin:80 - create IPUIPlugin
2025-12-10 12:11:27,616 [INFO] PluginManager:220 - loadIPPluginJar : add gtzc
2025-12-10 12:11:27,632 [INFO] IPUIPlugin:80 - create IPUIPlugin
2025-12-10 12:11:27,632 [INFO] PluginManager:220 - loadIPPluginJar : add hash
2025-12-10 12:11:27,632 [INFO] IPUIPlugin:80 - create IPUIPlugin
2025-12-10 12:11:27,632 [INFO] PluginManager:220 - loadIPPluginJar : add i2c
2025-12-10 12:11:27,632 [INFO] IPUIPlugin:80 - create IPUIPlugin
2025-12-10 12:11:27,632 [INFO] PluginManager:220 - loadIPPluginJar : add i2s
2025-12-10 12:11:27,641 [INFO] IPUIPlugin:80 - create IPUIPlugin
2025-12-10 12:11:27,641 [INFO] PluginManager:220 - loadIPPluginJar : add i3c
2025-12-10 12:11:27,648 [INFO] IPUIPlugin:80 - create IPUIPlugin
2025-12-10 12:11:27,648 [INFO] PluginManager:220 - loadIPPluginJar : add ipddr
2025-12-10 12:11:27,648 [INFO] IPUIPlugin:80 - create IPUIPlugin
2025-12-10 12:11:27,648 [INFO] PluginManager:220 - loadIPPluginJar : add linkedlist
2025-12-10 12:11:27,648 [INFO] IPUIPlugin:80 - create IPUIPlugin
2025-12-10 12:11:27,648 [INFO] PluginManager:220 - loadIPPluginJar : add lorawan
2025-12-10 12:11:27,648 [INFO] IPUIPlugin:80 - create IPUIPlugin
2025-12-10 12:11:27,648 [INFO] PluginManager:220 - loadIPPluginJar : add ltdc
2025-12-10 12:11:27,666 [INFO] IPUIPlugin:80 - create IPUIPlugin
2025-12-10 12:11:27,666 [INFO] PluginManager:220 - loadIPPluginJar : add mdma
2025-12-10 12:11:27,666 [INFO] IPUIPlugin:80 - create IPUIPlugin
2025-12-10 12:11:27,666 [INFO] PluginManager:220 - loadIPPluginJar : add nvic
2025-12-10 12:11:27,666 [INFO] IPUIPlugin:80 - create IPUIPlugin
2025-12-10 12:11:27,666 [INFO] PluginManager:220 - loadIPPluginJar : add opamp
2025-12-10 12:11:27,679 [INFO] IPUIPlugin:80 - create IPUIPlugin
2025-12-10 12:11:27,679 [INFO] PluginManager:220 - loadIPPluginJar : add openamp
2025-12-10 12:11:27,679 [INFO] IPUIPlugin:80 - create IPUIPlugin
2025-12-10 12:11:27,679 [INFO] PluginManager:220 - loadIPPluginJar : add pdm2pcm
2025-12-10 12:11:27,679 [INFO] IPUIPlugin:80 - create IPUIPlugin
2025-12-10 12:11:27,679 [INFO] PluginManager:220 - loadIPPluginJar : add plateformsettings
2025-12-10 12:11:27,695 [INFO] IPUIPlugin:80 - create IPUIPlugin
2025-12-10 12:11:27,695 [INFO] PluginManager:220 - loadIPPluginJar : add quadspi
2025-12-10 12:11:27,695 [INFO] IPUIPlugin:80 - create IPUIPlugin
2025-12-10 12:11:27,695 [INFO] PluginManager:220 - loadIPPluginJar : add radio
2025-12-10 12:11:27,695 [INFO] IPUIPlugin:80 - create IPUIPlugin
2025-12-10 12:11:27,695 [INFO] PluginManager:220 - loadIPPluginJar : add resmgrutility
2025-12-10 12:11:27,695 [INFO] IPUIPlugin:80 - create IPUIPlugin
2025-12-10 12:11:27,695 [INFO] PluginManager:220 - loadIPPluginJar : add sai
2025-12-10 12:11:27,695 [INFO] IPUIPlugin:80 - create IPUIPlugin
2025-12-10 12:11:27,695 [INFO] PluginManager:220 - loadIPPluginJar : add spi
2025-12-10 12:11:27,714 [INFO] IPUIPlugin:80 - create IPUIPlugin
2025-12-10 12:11:27,714 [INFO] PluginManager:220 - loadIPPluginJar : add stm32_wpan
2025-12-10 12:11:27,714 [INFO] IPUIPlugin:80 - create IPUIPlugin
2025-12-10 12:11:27,714 [INFO] PluginManager:220 - loadIPPluginJar : add tim
2025-12-10 12:11:27,714 [INFO] IPUIPlugin:80 - create IPUIPlugin
2025-12-10 12:11:27,714 [INFO] PluginManager:220 - loadIPPluginJar : add touchsensing
2025-12-10 12:11:27,714 [INFO] IPUIPlugin:80 - create IPUIPlugin
2025-12-10 12:11:27,714 [INFO] PluginManager:220 - loadIPPluginJar : add tracer_emb
2025-12-10 12:11:27,714 [INFO] IPUIPlugin:80 - create IPUIPlugin
2025-12-10 12:11:27,714 [INFO] PluginManager:220 - loadIPPluginJar : add ts
2025-12-10 12:11:27,714 [INFO] IPUIPlugin:80 - create IPUIPlugin
2025-12-10 12:11:27,714 [INFO] PluginManager:220 - loadIPPluginJar : add tsc
2025-12-10 12:11:27,714 [INFO] IPUIPlugin:80 - create IPUIPlugin
2025-12-10 12:11:27,714 [INFO] PluginManager:220 - loadIPPluginJar : add ucpd
2025-12-10 12:11:27,714 [INFO] IPUIPlugin:80 - create IPUIPlugin
2025-12-10 12:11:27,714 [INFO] PluginManager:220 - loadIPPluginJar : add usart
2025-12-10 12:11:27,727 [INFO] IPUIPlugin:80 - create IPUIPlugin
2025-12-10 12:11:27,727 [INFO] PluginManager:220 - loadIPPluginJar : add usbx
2025-12-10 12:11:27,848 [FATAL] Updater:351 - Updater called before beeing initialized
2025-12-10 12:11:27,893 [INFO] RulesReader:64 - Compatibility file has been processed (317 Rules)
2025-12-10 12:11:27,909 [INFO] RulesReader:64 - Compatibility file has been processed (317 Rules)
2025-12-10 12:11:27,909 [INFO] CADModel:165 - CPN selected for project level
2025-12-10 12:11:27,909 [INFO] CADModel:114 - Register for checkConnection events
2025-12-10 12:11:27,909 [FATAL] Updater:351 - Updater called before beeing initialized
2025-12-10 12:11:27,909 [ERROR] CADModel:125 - Updater not yet initialized, retry later 
2025-12-10 12:11:28,094 [FATAL] Updater:351 - Updater called before beeing initialized
2025-12-10 12:11:28,097 [INFO] CADModel:165 - CPN selected for project level
2025-12-10 12:11:28,097 [INFO] CADModel:114 - Register for checkConnection events
2025-12-10 12:11:28,097 [FATAL] Updater:351 - Updater called before beeing initialized
2025-12-10 12:11:28,097 [ERROR] CADModel:125 - Updater not yet initialized, retry later 
2025-12-10 12:11:28,097 [FATAL] Updater:351 - Updater called before beeing initialized
2025-12-10 12:11:28,203 [FATAL] Updater:351 - Updater called before beeing initialized
2025-12-10 12:11:28,205 [INFO] DbMcusAds:53 - JSON generation date=Mon Dec 08 15:28:09 CET 2025 (1765204089911)
2025-12-10 12:11:28,205 [FATAL] Updater:351 - Updater called before beeing initialized
2025-12-10 12:11:28,235 [WARN] DetailPanel:346 - Failed to get advertising image, set to default
2025-12-10 12:11:28,315 [FATAL] Updater:351 - Updater called before beeing initialized
2025-12-10 12:11:28,315 [FATAL] Updater:351 - Updater called before beeing initialized
2025-12-10 12:11:28,315 [FATAL] Updater:351 - Updater called before beeing initialized
2025-12-10 12:11:28,319 [WARN] DetailPanel:346 - Failed to get advertising image, set to default
2025-12-10 12:11:28,319 [FATAL] Updater:351 - Updater called before beeing initialized
2025-12-10 12:11:28,356 [ERROR] Updater:1198 - MainUpdater not yet initialized. External WinMGr cannot be set.
2025-12-10 12:11:28,356 [INFO] Updater:1134 - Updater Version found : 6.15.0
2025-12-10 12:11:28,376 [INFO] ApplicationProperties:184 - Using Application install path: C:\ST\STM32CubeIDE_1.19.0\STM32CubeIDE\plugins\com.st.stm32cube.common.mx_6.15.0.202507011659
2025-12-10 12:11:29,995 [INFO] ThirdPartyUpdaterWithRetryManager:70 - Updater plugin not ready yet. [2/15]
2025-12-10 12:11:30,000 [ERROR] LogOutputStream:75 - [STDERR_REDIRECT] Dec 10, 2025 12:11:30 PM java.util.prefs.WindowsPreferences <init>
2025-12-10 12:11:30,000 [ERROR] LogOutputStream:75 - [STDERR_REDIRECT] WARNING: Could not open/create prefs root node Software\JavaSoft\Prefs at root 0xffffffff80000002. Windows RegCreateKeyEx(...) returned error code 5.
2025-12-10 12:11:30,010 [ERROR] LogOutputStream:75 - [STDERR_REDIRECT] 
2025-12-10 12:11:30,504 [INFO] MainUpdater:2872 - connection check result : 10
2025-12-10 12:11:30,504 [INFO] MainUpdater:289 - Updater Check For Update Now.
2025-12-10 12:11:30,504 [INFO] MicroXplorer:498 - Change Database Version : DB.6.0.150
2025-12-10 12:11:30,529 [INFO] McuFinderGlobals:63 - Set McuFinder mode to 2 (CubeIDE integrated)
2025-12-10 12:11:30,529 [INFO] UserAuth:487 - Internet connection configuration mode: 1
2025-12-10 12:11:30,594 [INFO] JxBrowserEngine:152 - Initiate JxBrowser Engine with user profile folder
2025-12-10 12:11:30,734 [INFO] CheckServerUpdateThread:120 - End of CheckServer Thread
2025-12-10 12:11:31,232 [INFO] WebApp:169 - Instantiating new browser for Auth
2025-12-10 12:11:32,058 [INFO] WebApp:463 - Apply proxy settings
2025-12-10 12:11:32,062 [INFO] WebApp:548 - Chromium requires no authentication
2025-12-10 12:11:32,071 [INFO] WebApp:491 - Direct internet connection detected
2025-12-10 12:11:32,098 [INFO] WebApp:900 - Register for checkConnection events
2025-12-10 12:11:32,098 [INFO] WebApp:463 - Apply proxy settings
2025-12-10 12:11:32,098 [INFO] WebApp:548 - Chromium requires no authentication
2025-12-10 12:11:32,098 [INFO] WebApp:491 - Direct internet connection detected
2025-12-10 12:11:32,259 [INFO] WebApp:225 - Starting web application
2025-12-10 12:11:32,259 [INFO] WebApp:593 - Web application path used C:\ST\STM32CubeIDE_1.19.0\STM32CubeIDE\plugins\com.st.stm32cube.common.mx_6.15.0.202507011659\db\plugins\mcufinder\reactClient1\index.html
2025-12-10 12:11:32,353 [INFO] UserAuth:487 - Internet connection configuration mode: 1
2025-12-10 12:11:32,424 [INFO] WebApp:191 - Connection restablished
2025-12-10 12:11:33,341 [WARN] PackLoader:240 - Cannot read IP mode file for STMicroelectronics.FP-SNS-MOTENVWB1.1.4.0
2025-12-10 12:11:33,356 [WARN] PackLoader:240 - Cannot read IP mode file for STMicroelectronics.FP-ATR-ASTRA1.2.0.2
2025-12-10 12:11:33,376 [WARN] PackLoader:240 - Cannot read IP mode file for STMicroelectronics.X-CUBE-SMBUS.2.1.0
2025-12-10 12:11:33,388 [WARN] PackLoader:240 - Cannot read IP mode file for STMicroelectronics.X-CUBE-ST60.1.0.0
2025-12-10 12:11:33,445 [WARN] PackLoader:240 - Cannot read IP mode file for STMicroelectronics.X-CUBE-AZRTOS-F7.1.1.0
2025-12-10 12:11:33,455 [WARN] PackLoader:240 - Cannot read IP mode file for Cesanta.I-CUBE-Mongoose.7.19.0
2025-12-10 12:11:33,463 [WARN] PackLoader:240 - Cannot read IP mode file for STMicroelectronics.FP-SNS-MOTENV1.5.1.0
2025-12-10 12:11:33,479 [WARN] PackLoader:240 - Cannot read IP mode file for WES.I-CUBE-Cesium.1.4.0
2025-12-10 12:11:33,505 [WARN] PackLoader:240 - Cannot read IP mode file for Infineon.AIROC-Wi-Fi-Bluetooth-STM32.1.7.1
2025-12-10 12:11:33,544 [WARN] PackLoader:240 - Cannot read IP mode file for STMicroelectronics.X-CUBE-AZRTOS-H7.3.4.0
2025-12-10 12:11:33,554 [WARN] PackLoader:240 - Cannot read IP mode file for STMicroelectronics.X-CUBE-DISPLAY.3.0.0
2025-12-10 12:11:33,572 [WARN] PackLoader:240 - Cannot read IP mode file for STMicroelectronics.X-CUBE-NFC10.1.0.0
2025-12-10 12:11:33,588 [WARN] PackLoader:240 - Cannot read IP mode file for STMicroelectronics.X-CUBE-ST60.1.1.0
2025-12-10 12:11:33,595 [WARN] PackLoader:240 - Cannot read IP mode file for emotas.I-CUBE-CANOPEN.1.3.0
2025-12-10 12:11:33,601 [WARN] PackLoader:240 - Cannot read IP mode file for STMicroelectronics.X-CUBE-GNSS1.7.1.0
2025-12-10 12:11:33,609 [WARN] PackLoader:240 - Cannot read IP mode file for STMicroelectronics.FP-SNS-STBOX1.2.1.0
2025-12-10 12:11:33,615 [WARN] PackLoader:240 - Cannot read IP mode file for STMicroelectronics.FP-SNS-SMARTAG2.1.2.0
2025-12-10 12:11:33,621 [WARN] PackLoader:240 - Cannot read IP mode file for STMicroelectronics.FP-SNS-FLIGHT1.5.1.0
2025-12-10 12:11:33,630 [INFO] LogOutputStream:77 - [STDOUT_REDIRECT] 1 : Invalid condition id : UX_CORESTACK_Condition cause : null
2025-12-10 12:11:33,632 [INFO] LogOutputStream:77 - [STDOUT_REDIRECT] 1 : Invalid condition id : UX_CORESTACK_Condition cause : null
2025-12-10 12:11:33,634 [INFO] LogOutputStream:77 - [STDOUT_REDIRECT] 1 : Invalid condition id : UX_CORESTACK_Condition cause : null
2025-12-10 12:11:33,636 [INFO] LogOutputStream:77 - [STDOUT_REDIRECT] 1 : Invalid condition id : UX_CORESTACK_Condition cause : null
2025-12-10 12:11:33,638 [INFO] LogOutputStream:77 - [STDOUT_REDIRECT] 1 : Invalid condition id : UX_CORESTACK_Condition cause : null
2025-12-10 12:11:33,641 [WARN] PackLoader:240 - Cannot read IP mode file for STMicroelectronics.X-CUBE-AZRTOS-WL.2.0.0
2025-12-10 12:11:33,647 [WARN] PackLoader:240 - Cannot read IP mode file for STMicroelectronics.FP-SNS-MOTENV1.5.0.0
2025-12-10 12:11:33,676 [WARN] PackLoader:240 - Cannot read IP mode file for STMicroelectronics.X-CUBE-AZRTOS-H7RS.1.2.0
2025-12-10 12:11:33,687 [WARN] PackLoader:240 - Cannot read IP mode file for STMicroelectronics.X-CUBE-BLE2.3.3.0
2025-12-10 12:11:33,742 [WARN] PackLoader:240 - Cannot read IP mode file for STMicroelectronics.X-CUBE-NFC9.1.0.0
2025-12-10 12:11:33,749 [WARN] PackLoader:240 - Cannot read IP mode file for wolfSSL.I-CUBE-wolfSSL.5.8.2
2025-12-10 12:11:33,755 [WARN] PackLoader:240 - Cannot read IP mode file for STMicroelectronics.X-CUBE-BLE1.7.1.0
2025-12-10 12:11:33,759 [WARN] PackLoader:240 - Cannot read IP mode file for wolfSSL.I-CUBE-wolfMQTT.1.19.2
2025-12-10 12:11:33,767 [WARN] PackLoader:240 - Cannot read IP mode file for STMicroelectronics.X-CUBE-FREERTOS.1.4.0
2025-12-10 12:11:33,775 [WARN] PackLoader:240 - Cannot read IP mode file for STMicroelectronics.X-CUBE-EEPRMA1.5.2.0
2025-12-10 12:11:33,783 [WARN] PackLoader:240 - Cannot read IP mode file for STMicroelectronics.X-CUBE-ST67W61.1.1.0
2025-12-10 12:11:33,823 [WARN] PackLoader:240 - Cannot read IP mode file for STMicroelectronics.X-CUBE-MEMS1.12.0.0
2025-12-10 12:11:33,922 [WARN] PackLoader:240 - Cannot read IP mode file for STMicroelectronics.X-CUBE-AZRTOS-G0.1.1.0
2025-12-10 12:11:33,932 [WARN] PackLoader:240 - Cannot read IP mode file for STMicroelectronics.X-CUBE-SAFEA1.1.2.2
2025-12-10 12:11:33,946 [WARN] PackLoader:240 - Cannot read IP mode file for STMicroelectronics.X-CUBE-NFC4.3.0.0
2025-12-10 12:11:33,954 [WARN] PackLoader:240 - Cannot read IP mode file for EmbeddedOffice.I-CUBE-FS-RTOS.1.0.1
2025-12-10 12:11:33,962 [WARN] PackLoader:240 - Cannot read IP mode file for STMicroelectronics.X-CUBE-WB05N.2.0.0
2025-12-10 12:11:33,967 [WARN] PackLoader:240 - Cannot read IP mode file for wolfSSL.I-CUBE-wolfTPM.3.8.0
2025-12-10 12:11:33,972 [WARN] PackLoader:240 - Cannot read IP mode file for STMicroelectronics.X-CUBE-TCPP.4.2.0
2025-12-10 12:11:33,979 [WARN] PackLoader:240 - Cannot read IP mode file for RealThread.X-CUBE-RT-Thread_Nano.4.1.1
2025-12-10 12:11:33,985 [WARN] PackLoader:240 - Cannot read IP mode file for STMicroelectronics.FP-ATR-SIGFOX1.3.2.0
2025-12-10 12:11:33,991 [WARN] PackLoader:240 - Cannot read IP mode file for ITTIA_DB.I-CUBE-ITTIADB.8.9.0
2025-12-10 12:11:34,002 [WARN] PackLoader:240 - Cannot read IP mode file for STMicroelectronics.X-CUBE-ST67W61.1.0.0
2025-12-10 12:11:34,006 [WARN] PackLoader:240 - Cannot read IP mode file for STMicroelectronics.X-CUBE-AI.10.2.0
2025-12-10 12:11:34,027 [WARN] PackLoader:240 - Cannot read IP mode file for SEGGER.I-CUBE-embOS.1.3.1
2025-12-10 12:11:34,061 [WARN] PackLoader:240 - Cannot read IP mode file for STMicroelectronics.X-CUBE-ALGOBUILD.1.4.0
2025-12-10 12:11:34,100 [WARN] PackLoader:240 - Cannot read IP mode file for STMicroelectronics.X-CUBE-MEMS1.11.3.0
2025-12-10 12:11:34,220 [WARN] PackLoader:240 - Cannot read IP mode file for STMicroelectronics.X-CUBE-PM33A1.1.0.0
2025-12-10 12:11:34,236 [WARN] PackLoader:240 - Cannot read IP mode file for STMicroelectronics.X-CUBE-AZRTOS-F4.1.1.0
2025-12-10 12:11:34,244 [WARN] PackLoader:240 - Cannot read IP mode file for STMicroelectronics.X-CUBE-ISPU.2.1.0
2025-12-10 12:11:34,258 [WARN] PackLoader:240 - Cannot read IP mode file for STMicroelectronics.X-CUBE-IPS.3.2.0
2025-12-10 12:11:34,271 [WARN] PackLoader:240 - Cannot read IP mode file for STMicroelectronics.X-CUBE-NFC12.1.0.0
2025-12-10 12:11:34,287 [WARN] PackLoader:240 - Cannot read IP mode file for STMicroelectronics.X-CUBE-AZRTOS-L5.2.0.0
2025-12-10 12:11:34,296 [WARN] PackLoader:240 - Cannot read IP mode file for STMicroelectronics.X-CUBE-NFC6.3.1.0
2025-12-10 12:11:34,302 [WARN] PackLoader:240 - Cannot read IP mode file for STMicroelectronics.X-CUBE-FREERTOS.1.3.1
2025-12-10 12:11:34,312 [WARN] PackLoader:240 - Cannot read IP mode file for STMicroelectronics.X-CUBE-TOUCHGFX.4.26.0
2025-12-10 12:11:34,318 [WARN] PackLoader:240 - Cannot read IP mode file for STMicroelectronics.FP-SNS-STAIOTCFT.1.0.0
2025-12-10 12:11:34,324 [WARN] PackLoader:240 - Cannot read IP mode file for STMicroelectronics.X-CUBE-DPower.1.3.0
2025-12-10 12:11:34,343 [WARN] ConditionMgr:438 - getConditionDescription Invalid condition id : LAN8742 Phy interface Condition cause : null
2025-12-10 12:11:34,343 [WARN] PackLoader:240 - Cannot read IP mode file for STMicroelectronics.X-CUBE-AZRTOS-L4.2.0.0
2025-12-10 12:11:34,344 [WARN] ConditionMgr:1044 - genDependencies : Invalid condition id : LAN8742 Phy interface Condition cause : null
2025-12-10 12:11:34,345 [WARN] ConditionMgr:1044 - genDependencies : Invalid condition id : LAN8742 Phy interface Condition cause : null
2025-12-10 12:11:34,345 [WARN] ConditionMgr:1044 - genDependencies : Invalid condition id : LAN8742 Phy interface Condition cause : null
2025-12-10 12:11:34,352 [WARN] PackLoader:240 - Cannot read IP mode file for STMicroelectronics.X-CUBE-SFXS2LP1.4.0.0
2025-12-10 12:11:34,362 [WARN] PackLoader:240 - Cannot read IP mode file for STMicroelectronics.X-CUBE-BLEMGR.4.1.0
2025-12-10 12:11:34,373 [WARN] ConditionMgr:438 - getConditionDescription Invalid condition id : UX DEVICE CLASS RTOS Condition cause : null
2025-12-10 12:11:34,373 [WARN] ConditionMgr:438 - getConditionDescription Invalid condition id : UX DEVICE CLASS RTOS Condition cause : null
2025-12-10 12:11:34,374 [WARN] PackLoader:240 - Cannot read IP mode file for STMicroelectronics.X-CUBE-AZRTOS-WB.2.0.0
2025-12-10 12:11:34,375 [WARN] ConditionMgr:1044 - genDependencies : Invalid condition id : UX DEVICE CLASS RTOS Condition cause : null
2025-12-10 12:11:34,375 [WARN] ConditionMgr:1044 - genDependencies : Invalid condition id : UX DEVICE CLASS RTOS Condition cause : null
2025-12-10 12:11:34,376 [WARN] ConditionMgr:1044 - genDependencies : Invalid condition id : UX DEVICE CLASS RTOS Condition cause : null
2025-12-10 12:11:34,376 [WARN] ConditionMgr:1044 - genDependencies : Invalid condition id : UX DEVICE CLASS RTOS Condition cause : null
2025-12-10 12:11:34,376 [WARN] ConditionMgr:1044 - genDependencies : Invalid condition id : UX DEVICE CLASS RTOS Condition cause : null
2025-12-10 12:11:34,381 [WARN] PackLoader:240 - Cannot read IP mode file for STMicroelectronics.X-CUBE-GNSS1.7.0.1
2025-12-10 12:11:34,385 [WARN] PackLoader:240 - Cannot read IP mode file for STMicroelectronics.X-CUBE-TOUCHGFX.4.25.0
2025-12-10 12:11:34,389 [WARN] ConditionMgr:438 - getConditionDescription Invalid condition id : Cortex-A Device cause : null
2025-12-10 12:11:34,396 [WARN] ConditionMgr:1044 - genDependencies : Invalid condition id : Cortex-A Device cause : null
2025-12-10 12:11:34,396 [WARN] ConditionMgr:1044 - genDependencies : Invalid condition id : Cortex-A Device cause : null
2025-12-10 12:11:34,396 [WARN] ConditionMgr:1044 - genDependencies : Invalid condition id : Cortex-A Device cause : null
2025-12-10 12:11:34,404 [WARN] PackLoader:240 - Cannot read IP mode file for STMicroelectronics.X-CUBE-SUBG2.5.0.0
2025-12-10 12:11:34,429 [WARN] PackLoader:240 - Cannot read IP mode file for STMicroelectronics.X-CUBE-AZRTOS-H7RS.1.1.0
2025-12-10 12:11:34,445 [WARN] PackLoader:240 - Cannot read IP mode file for STMicroelectronics.X-CUBE-AZRTOS-G4.2.0.0
2025-12-10 12:11:34,452 [WARN] PackLoader:240 - Cannot read IP mode file for wolfSSL.I-CUBE-wolfSSH.1.4.20
2025-12-10 12:11:34,459 [WARN] PackLoader:240 - Cannot read IP mode file for STMicroelectronics.X-CUBE-NFC7.2.0.0
2025-12-10 12:11:34,505 [WARN] PackLoader:240 - Cannot read IP mode file for STMicroelectronics.X-CUBE-IPS.3.1.0
2025-12-10 12:11:34,520 [WARN] PackLoader:240 - Cannot read IP mode file for STMicroelectronics.X-CUBE-ALS.1.0.2
2025-12-10 12:11:34,531 [WARN] PackLoader:240 - Cannot read IP mode file for STMicroelectronics.X-CUBE-STSE01.1.0.0
2025-12-10 12:11:34,544 [WARN] PackLoader:240 - Cannot read IP mode file for STMicroelectronics.X-CUBE-TOF1.3.4.3
2025-12-10 12:11:34,555 [INFO] ThirdParty:978 - Integrity check success = true
2025-12-10 12:11:34,555 [INFO] IntegrityCheckThread:100 - exiting critical section [integrity check]
2025-12-10 12:11:34,555 [INFO] IntegrityCheckThread:103 - End integrity checks thread
2025-12-10 15:21:03,651 [ERROR] LogOutputStream:75 - [STDERR_REDIRECT] 
